C:\Python34\lib\calendar.py
C:\Users\Samsung\Documents\Programming\Python\04steve\01caluser\leapuse.py
C:\Users\Samsung\Documents\Programming\Python\Ben\guess_cat_poos.py
C:\Python34\lib\antigravity.py
C:\Python34\lib\hashlib.py
C:\Users\Samsung\Documents\Programming\Python\Ben\Poop.py
C:\Users\Samsung\Documents\Programming\Python\Ben\Calender1.py
C:\Users\Samsung\Documents\Programming\Python\Ben\calendar_test_01.py
C:\Python34\lib\site-packages\pygame\__init__.py
C:\Python27\Lib\site-packages\pygame\_camera_opencv_highgui.py
C:\Python34\Lib\site-packages\pygame\_camera_opencv_highgui.py
C:\Python34\lib\turtle.py
C:\Python27\lib\calendar.py
C:\Users\Samsung\Documents\Programming\Python\Ben\HelloWorldLoop1.py
C:\Users\Samsung\Documents\Programming\Python\Ben\HelloWorldLoop2.py
C:\Users\Samsung\Documents\Programming\Python\Ben\HelloWorldLoop3.py
C:\Users\Samsung\Documents\SecondsToFramesConverter1.py
C:\Users\Samsung\Documents\Programming\Python\Ben\Piano1.py
C:\Users\Samsung\Documents\Programming\Python\Ben\Beeper3.py
C:\Users\Samsung\Documents\Programming\Python\Ben\Beeper2.py
C:\Users\Samsung\Documents\Programming\Python\Ben\Beeper1.py
